// Jest Snapshot v1, https://goo.gl/fbAQLP

exports[`GIVEN PageHighlightingComponent WHEN component was created THEN host should match snapshot 1`] = `
<div
  id="root1"
>
  <mat-grid-list
    class="mat-grid-list"
    cols="2"
    rowheight="2:1"
  >
    <div>
      <mat-grid-tile
        class="mat-grid-tile grid-tile inactive"
        colspan="1"
        inviewport=""
        rowspan="1"
        style="left: 0px; margin-top: 0px;"
      >
        <div
          class="mat-grid-tile-content"
        >
           1 
        </div>
      </mat-grid-tile>
      
      <mat-grid-tile
        class="mat-grid-tile grid-tile inactive"
        colspan="1"
        inviewport=""
        rowspan="1"
        style="margin-top: 0px;"
      >
        <div
          class="mat-grid-tile-content"
        >
           2 
        </div>
      </mat-grid-tile>
      
      <mat-grid-tile
        class="mat-grid-tile grid-tile inactive"
        colspan="1"
        inviewport=""
        rowspan="1"
        style="left: 0px;"
      >
        <div
          class="mat-grid-tile-content"
        >
           3 
        </div>
      </mat-grid-tile>
      
      <mat-grid-tile
        class="mat-grid-tile grid-tile inactive"
        colspan="1"
        inviewport=""
        rowspan="1"
      >
        <div
          class="mat-grid-tile-content"
        >
           4 
        </div>
      </mat-grid-tile>
      
      <mat-grid-tile
        class="mat-grid-tile grid-tile inactive"
        colspan="1"
        inviewport=""
        rowspan="1"
        style="left: 0px;"
      >
        <div
          class="mat-grid-tile-content"
        >
           5 
        </div>
      </mat-grid-tile>
      
      <mat-grid-tile
        class="mat-grid-tile grid-tile inactive"
        colspan="1"
        inviewport=""
        rowspan="1"
      >
        <div
          class="mat-grid-tile-content"
        >
           6 
        </div>
      </mat-grid-tile>
      
      <mat-grid-tile
        class="mat-grid-tile grid-tile inactive"
        colspan="1"
        inviewport=""
        rowspan="1"
        style="left: 0px;"
      >
        <div
          class="mat-grid-tile-content"
        >
           7 
        </div>
      </mat-grid-tile>
      
      <mat-grid-tile
        class="mat-grid-tile grid-tile inactive"
        colspan="1"
        inviewport=""
        rowspan="1"
      >
        <div
          class="mat-grid-tile-content"
        >
           8 
        </div>
      </mat-grid-tile>
      
      <mat-grid-tile
        class="mat-grid-tile grid-tile inactive"
        colspan="1"
        inviewport=""
        rowspan="1"
        style="left: 0px;"
      >
        <div
          class="mat-grid-tile-content"
        >
           9 
        </div>
      </mat-grid-tile>
      
      <mat-grid-tile
        class="mat-grid-tile grid-tile inactive"
        colspan="1"
        inviewport=""
        rowspan="1"
      >
        <div
          class="mat-grid-tile-content"
        >
           10 
        </div>
      </mat-grid-tile>
      
      <mat-grid-tile
        class="mat-grid-tile grid-tile inactive"
        colspan="1"
        inviewport=""
        rowspan="1"
        style="left: 0px;"
      >
        <div
          class="mat-grid-tile-content"
        >
           11 
        </div>
      </mat-grid-tile>
      
      <mat-grid-tile
        class="mat-grid-tile grid-tile inactive"
        colspan="1"
        inviewport=""
        rowspan="1"
      >
        <div
          class="mat-grid-tile-content"
        >
           12 
        </div>
      </mat-grid-tile>
      
      <mat-grid-tile
        class="mat-grid-tile grid-tile inactive"
        colspan="1"
        inviewport=""
        rowspan="1"
        style="left: 0px;"
      >
        <div
          class="mat-grid-tile-content"
        >
           13 
        </div>
      </mat-grid-tile>
      
      <mat-grid-tile
        class="mat-grid-tile grid-tile inactive"
        colspan="1"
        inviewport=""
        rowspan="1"
      >
        <div
          class="mat-grid-tile-content"
        >
           14 
        </div>
      </mat-grid-tile>
      
      <mat-grid-tile
        class="mat-grid-tile grid-tile inactive"
        colspan="1"
        inviewport=""
        rowspan="1"
        style="left: 0px;"
      >
        <div
          class="mat-grid-tile-content"
        >
           15 
        </div>
      </mat-grid-tile>
      
      <mat-grid-tile
        class="mat-grid-tile grid-tile inactive"
        colspan="1"
        inviewport=""
        rowspan="1"
      >
        <div
          class="mat-grid-tile-content"
        >
           16 
        </div>
      </mat-grid-tile>
      
      <mat-grid-tile
        class="mat-grid-tile grid-tile inactive"
        colspan="1"
        inviewport=""
        rowspan="1"
        style="left: 0px;"
      >
        <div
          class="mat-grid-tile-content"
        >
           17 
        </div>
      </mat-grid-tile>
      
      <mat-grid-tile
        class="mat-grid-tile grid-tile inactive"
        colspan="1"
        inviewport=""
        rowspan="1"
      >
        <div
          class="mat-grid-tile-content"
        >
           18 
        </div>
      </mat-grid-tile>
      
      <mat-grid-tile
        class="mat-grid-tile grid-tile inactive"
        colspan="1"
        inviewport=""
        rowspan="1"
        style="left: 0px;"
      >
        <div
          class="mat-grid-tile-content"
        >
           19 
        </div>
      </mat-grid-tile>
      
      <mat-grid-tile
        class="mat-grid-tile grid-tile inactive"
        colspan="1"
        inviewport=""
        rowspan="1"
      >
        <div
          class="mat-grid-tile-content"
        >
           20 
        </div>
      </mat-grid-tile>
      
      <mat-grid-tile
        class="mat-grid-tile grid-tile inactive"
        colspan="1"
        inviewport=""
        rowspan="1"
        style="left: 0px;"
      >
        <div
          class="mat-grid-tile-content"
        >
           21 
        </div>
      </mat-grid-tile>
      
      <mat-grid-tile
        class="mat-grid-tile grid-tile inactive"
        colspan="1"
        inviewport=""
        rowspan="1"
      >
        <div
          class="mat-grid-tile-content"
        >
           22 
        </div>
      </mat-grid-tile>
      
      <mat-grid-tile
        class="mat-grid-tile grid-tile inactive"
        colspan="1"
        inviewport=""
        rowspan="1"
        style="left: 0px;"
      >
        <div
          class="mat-grid-tile-content"
        >
           23 
        </div>
      </mat-grid-tile>
      
      <mat-grid-tile
        class="mat-grid-tile grid-tile inactive"
        colspan="1"
        inviewport=""
        rowspan="1"
      >
        <div
          class="mat-grid-tile-content"
        >
           24 
        </div>
      </mat-grid-tile>
      
      <mat-grid-tile
        class="mat-grid-tile grid-tile inactive"
        colspan="1"
        inviewport=""
        rowspan="1"
        style="left: 0px;"
      >
        <div
          class="mat-grid-tile-content"
        >
           25 
        </div>
      </mat-grid-tile>
      
      <mat-grid-tile
        class="mat-grid-tile grid-tile inactive"
        colspan="1"
        inviewport=""
        rowspan="1"
      >
        <div
          class="mat-grid-tile-content"
        >
           26 
        </div>
      </mat-grid-tile>
      
      <mat-grid-tile
        class="mat-grid-tile grid-tile inactive"
        colspan="1"
        inviewport=""
        rowspan="1"
        style="left: 0px;"
      >
        <div
          class="mat-grid-tile-content"
        >
           27 
        </div>
      </mat-grid-tile>
      
      <mat-grid-tile
        class="mat-grid-tile grid-tile inactive"
        colspan="1"
        inviewport=""
        rowspan="1"
      >
        <div
          class="mat-grid-tile-content"
        >
           28 
        </div>
      </mat-grid-tile>
      
      <mat-grid-tile
        class="mat-grid-tile grid-tile inactive"
        colspan="1"
        inviewport=""
        rowspan="1"
        style="left: 0px;"
      >
        <div
          class="mat-grid-tile-content"
        >
           29 
        </div>
      </mat-grid-tile>
      
      <mat-grid-tile
        class="mat-grid-tile grid-tile inactive"
        colspan="1"
        inviewport=""
        rowspan="1"
      >
        <div
          class="mat-grid-tile-content"
        >
           30 
        </div>
      </mat-grid-tile>
      
      <mat-grid-tile
        class="mat-grid-tile grid-tile inactive"
        colspan="1"
        inviewport=""
        rowspan="1"
        style="left: 0px;"
      >
        <div
          class="mat-grid-tile-content"
        >
           31 
        </div>
      </mat-grid-tile>
      
      <mat-grid-tile
        class="mat-grid-tile grid-tile inactive"
        colspan="1"
        inviewport=""
        rowspan="1"
      >
        <div
          class="mat-grid-tile-content"
        >
           32 
        </div>
      </mat-grid-tile>
      
      <mat-grid-tile
        class="mat-grid-tile grid-tile inactive"
        colspan="1"
        inviewport=""
        rowspan="1"
        style="left: 0px;"
      >
        <div
          class="mat-grid-tile-content"
        >
           33 
        </div>
      </mat-grid-tile>
      
      <mat-grid-tile
        class="mat-grid-tile grid-tile inactive"
        colspan="1"
        inviewport=""
        rowspan="1"
      >
        <div
          class="mat-grid-tile-content"
        >
           34 
        </div>
      </mat-grid-tile>
      
      <mat-grid-tile
        class="mat-grid-tile grid-tile inactive"
        colspan="1"
        inviewport=""
        rowspan="1"
        style="left: 0px;"
      >
        <div
          class="mat-grid-tile-content"
        >
           35 
        </div>
      </mat-grid-tile>
      
      <mat-grid-tile
        class="mat-grid-tile grid-tile inactive"
        colspan="1"
        inviewport=""
        rowspan="1"
      >
        <div
          class="mat-grid-tile-content"
        >
           36 
        </div>
      </mat-grid-tile>
      
      <mat-grid-tile
        class="mat-grid-tile grid-tile inactive"
        colspan="1"
        inviewport=""
        rowspan="1"
        style="left: 0px;"
      >
        <div
          class="mat-grid-tile-content"
        >
           37 
        </div>
      </mat-grid-tile>
      
      <mat-grid-tile
        class="mat-grid-tile grid-tile inactive"
        colspan="1"
        inviewport=""
        rowspan="1"
      >
        <div
          class="mat-grid-tile-content"
        >
           38 
        </div>
      </mat-grid-tile>
      
      <mat-grid-tile
        class="mat-grid-tile grid-tile inactive"
        colspan="1"
        inviewport=""
        rowspan="1"
        style="left: 0px;"
      >
        <div
          class="mat-grid-tile-content"
        >
           39 
        </div>
      </mat-grid-tile>
      
      <mat-grid-tile
        class="mat-grid-tile grid-tile inactive"
        colspan="1"
        inviewport=""
        rowspan="1"
      >
        <div
          class="mat-grid-tile-content"
        >
           40 
        </div>
      </mat-grid-tile>
      
      <mat-grid-tile
        class="mat-grid-tile grid-tile inactive"
        colspan="1"
        inviewport=""
        rowspan="1"
        style="left: 0px;"
      >
        <div
          class="mat-grid-tile-content"
        >
           41 
        </div>
      </mat-grid-tile>
      
      <mat-grid-tile
        class="mat-grid-tile grid-tile inactive"
        colspan="1"
        inviewport=""
        rowspan="1"
      >
        <div
          class="mat-grid-tile-content"
        >
           42 
        </div>
      </mat-grid-tile>
      
      <mat-grid-tile
        class="mat-grid-tile grid-tile inactive"
        colspan="1"
        inviewport=""
        rowspan="1"
        style="left: 0px;"
      >
        <div
          class="mat-grid-tile-content"
        >
           43 
        </div>
      </mat-grid-tile>
      
      <mat-grid-tile
        class="mat-grid-tile grid-tile inactive"
        colspan="1"
        inviewport=""
        rowspan="1"
      >
        <div
          class="mat-grid-tile-content"
        >
           44 
        </div>
      </mat-grid-tile>
      
      <mat-grid-tile
        class="mat-grid-tile grid-tile inactive"
        colspan="1"
        inviewport=""
        rowspan="1"
        style="left: 0px;"
      >
        <div
          class="mat-grid-tile-content"
        >
           45 
        </div>
      </mat-grid-tile>
      
      <mat-grid-tile
        class="mat-grid-tile grid-tile inactive"
        colspan="1"
        inviewport=""
        rowspan="1"
      >
        <div
          class="mat-grid-tile-content"
        >
           46 
        </div>
      </mat-grid-tile>
      
      <mat-grid-tile
        class="mat-grid-tile grid-tile inactive"
        colspan="1"
        inviewport=""
        rowspan="1"
        style="left: 0px;"
      >
        <div
          class="mat-grid-tile-content"
        >
           47 
        </div>
      </mat-grid-tile>
      
      <mat-grid-tile
        class="mat-grid-tile grid-tile inactive"
        colspan="1"
        inviewport=""
        rowspan="1"
      >
        <div
          class="mat-grid-tile-content"
        >
           48 
        </div>
      </mat-grid-tile>
      
      <mat-grid-tile
        class="mat-grid-tile grid-tile inactive"
        colspan="1"
        inviewport=""
        rowspan="1"
        style="left: 0px;"
      >
        <div
          class="mat-grid-tile-content"
        >
           49 
        </div>
      </mat-grid-tile>
      
      <mat-grid-tile
        class="mat-grid-tile grid-tile inactive"
        colspan="1"
        inviewport=""
        rowspan="1"
      >
        <div
          class="mat-grid-tile-content"
        >
           50 
        </div>
      </mat-grid-tile>
      
      <mat-grid-tile
        class="mat-grid-tile grid-tile inactive"
        colspan="1"
        inviewport=""
        rowspan="1"
        style="left: 0px;"
      >
        <div
          class="mat-grid-tile-content"
        >
           51 
        </div>
      </mat-grid-tile>
      
      <mat-grid-tile
        class="mat-grid-tile grid-tile inactive"
        colspan="1"
        inviewport=""
        rowspan="1"
      >
        <div
          class="mat-grid-tile-content"
        >
           52 
        </div>
      </mat-grid-tile>
      
      <mat-grid-tile
        class="mat-grid-tile grid-tile inactive"
        colspan="1"
        inviewport=""
        rowspan="1"
        style="left: 0px;"
      >
        <div
          class="mat-grid-tile-content"
        >
           53 
        </div>
      </mat-grid-tile>
      
      <mat-grid-tile
        class="mat-grid-tile grid-tile inactive"
        colspan="1"
        inviewport=""
        rowspan="1"
      >
        <div
          class="mat-grid-tile-content"
        >
           54 
        </div>
      </mat-grid-tile>
      
      <mat-grid-tile
        class="mat-grid-tile grid-tile inactive"
        colspan="1"
        inviewport=""
        rowspan="1"
        style="left: 0px;"
      >
        <div
          class="mat-grid-tile-content"
        >
           55 
        </div>
      </mat-grid-tile>
      
      <mat-grid-tile
        class="mat-grid-tile grid-tile inactive"
        colspan="1"
        inviewport=""
        rowspan="1"
      >
        <div
          class="mat-grid-tile-content"
        >
           56 
        </div>
      </mat-grid-tile>
      
      <mat-grid-tile
        class="mat-grid-tile grid-tile inactive"
        colspan="1"
        inviewport=""
        rowspan="1"
        style="left: 0px;"
      >
        <div
          class="mat-grid-tile-content"
        >
           57 
        </div>
      </mat-grid-tile>
      
      <mat-grid-tile
        class="mat-grid-tile grid-tile inactive"
        colspan="1"
        inviewport=""
        rowspan="1"
      >
        <div
          class="mat-grid-tile-content"
        >
           58 
        </div>
      </mat-grid-tile>
      
      <mat-grid-tile
        class="mat-grid-tile grid-tile inactive"
        colspan="1"
        inviewport=""
        rowspan="1"
        style="left: 0px;"
      >
        <div
          class="mat-grid-tile-content"
        >
           59 
        </div>
      </mat-grid-tile>
      
      <mat-grid-tile
        class="mat-grid-tile grid-tile inactive"
        colspan="1"
        inviewport=""
        rowspan="1"
      >
        <div
          class="mat-grid-tile-content"
        >
           60 
        </div>
      </mat-grid-tile>
      
      <mat-grid-tile
        class="mat-grid-tile grid-tile inactive"
        colspan="1"
        inviewport=""
        rowspan="1"
        style="left: 0px;"
      >
        <div
          class="mat-grid-tile-content"
        >
           61 
        </div>
      </mat-grid-tile>
      
      <mat-grid-tile
        class="mat-grid-tile grid-tile inactive"
        colspan="1"
        inviewport=""
        rowspan="1"
      >
        <div
          class="mat-grid-tile-content"
        >
           62 
        </div>
      </mat-grid-tile>
      
      <mat-grid-tile
        class="mat-grid-tile grid-tile inactive"
        colspan="1"
        inviewport=""
        rowspan="1"
        style="left: 0px;"
      >
        <div
          class="mat-grid-tile-content"
        >
           63 
        </div>
      </mat-grid-tile>
      
      <mat-grid-tile
        class="mat-grid-tile grid-tile inactive"
        colspan="1"
        inviewport=""
        rowspan="1"
      >
        <div
          class="mat-grid-tile-content"
        >
           64 
        </div>
      </mat-grid-tile>
      
      <mat-grid-tile
        class="mat-grid-tile grid-tile inactive"
        colspan="1"
        inviewport=""
        rowspan="1"
        style="left: 0px;"
      >
        <div
          class="mat-grid-tile-content"
        >
           65 
        </div>
      </mat-grid-tile>
      
      <mat-grid-tile
        class="mat-grid-tile grid-tile inactive"
        colspan="1"
        inviewport=""
        rowspan="1"
      >
        <div
          class="mat-grid-tile-content"
        >
           66 
        </div>
      </mat-grid-tile>
      
      <mat-grid-tile
        class="mat-grid-tile grid-tile inactive"
        colspan="1"
        inviewport=""
        rowspan="1"
        style="left: 0px;"
      >
        <div
          class="mat-grid-tile-content"
        >
           67 
        </div>
      </mat-grid-tile>
      
      <mat-grid-tile
        class="mat-grid-tile grid-tile inactive"
        colspan="1"
        inviewport=""
        rowspan="1"
      >
        <div
          class="mat-grid-tile-content"
        >
           68 
        </div>
      </mat-grid-tile>
      
      <mat-grid-tile
        class="mat-grid-tile grid-tile inactive"
        colspan="1"
        inviewport=""
        rowspan="1"
        style="left: 0px;"
      >
        <div
          class="mat-grid-tile-content"
        >
           69 
        </div>
      </mat-grid-tile>
      
      <mat-grid-tile
        class="mat-grid-tile grid-tile inactive"
        colspan="1"
        inviewport=""
        rowspan="1"
      >
        <div
          class="mat-grid-tile-content"
        >
           70 
        </div>
      </mat-grid-tile>
      
      <mat-grid-tile
        class="mat-grid-tile grid-tile inactive"
        colspan="1"
        inviewport=""
        rowspan="1"
        style="left: 0px;"
      >
        <div
          class="mat-grid-tile-content"
        >
           71 
        </div>
      </mat-grid-tile>
      
      <mat-grid-tile
        class="mat-grid-tile grid-tile inactive"
        colspan="1"
        inviewport=""
        rowspan="1"
      >
        <div
          class="mat-grid-tile-content"
        >
           72 
        </div>
      </mat-grid-tile>
      
      <mat-grid-tile
        class="mat-grid-tile grid-tile inactive"
        colspan="1"
        inviewport=""
        rowspan="1"
        style="left: 0px;"
      >
        <div
          class="mat-grid-tile-content"
        >
           73 
        </div>
      </mat-grid-tile>
      
      <mat-grid-tile
        class="mat-grid-tile grid-tile inactive"
        colspan="1"
        inviewport=""
        rowspan="1"
      >
        <div
          class="mat-grid-tile-content"
        >
           74 
        </div>
      </mat-grid-tile>
      
      <mat-grid-tile
        class="mat-grid-tile grid-tile inactive"
        colspan="1"
        inviewport=""
        rowspan="1"
        style="left: 0px;"
      >
        <div
          class="mat-grid-tile-content"
        >
           75 
        </div>
      </mat-grid-tile>
      
      <mat-grid-tile
        class="mat-grid-tile grid-tile inactive"
        colspan="1"
        inviewport=""
        rowspan="1"
      >
        <div
          class="mat-grid-tile-content"
        >
           76 
        </div>
      </mat-grid-tile>
      
      <mat-grid-tile
        class="mat-grid-tile grid-tile inactive"
        colspan="1"
        inviewport=""
        rowspan="1"
        style="left: 0px;"
      >
        <div
          class="mat-grid-tile-content"
        >
           77 
        </div>
      </mat-grid-tile>
      
      <mat-grid-tile
        class="mat-grid-tile grid-tile inactive"
        colspan="1"
        inviewport=""
        rowspan="1"
      >
        <div
          class="mat-grid-tile-content"
        >
           78 
        </div>
      </mat-grid-tile>
      
      <mat-grid-tile
        class="mat-grid-tile grid-tile inactive"
        colspan="1"
        inviewport=""
        rowspan="1"
        style="left: 0px;"
      >
        <div
          class="mat-grid-tile-content"
        >
           79 
        </div>
      </mat-grid-tile>
      
      <mat-grid-tile
        class="mat-grid-tile grid-tile inactive"
        colspan="1"
        inviewport=""
        rowspan="1"
      >
        <div
          class="mat-grid-tile-content"
        >
           80 
        </div>
      </mat-grid-tile>
      
      <mat-grid-tile
        class="mat-grid-tile grid-tile inactive"
        colspan="1"
        inviewport=""
        rowspan="1"
        style="left: 0px;"
      >
        <div
          class="mat-grid-tile-content"
        >
           81 
        </div>
      </mat-grid-tile>
      
      <mat-grid-tile
        class="mat-grid-tile grid-tile inactive"
        colspan="1"
        inviewport=""
        rowspan="1"
      >
        <div
          class="mat-grid-tile-content"
        >
           82 
        </div>
      </mat-grid-tile>
      
      <mat-grid-tile
        class="mat-grid-tile grid-tile inactive"
        colspan="1"
        inviewport=""
        rowspan="1"
        style="left: 0px;"
      >
        <div
          class="mat-grid-tile-content"
        >
           83 
        </div>
      </mat-grid-tile>
      
      <mat-grid-tile
        class="mat-grid-tile grid-tile inactive"
        colspan="1"
        inviewport=""
        rowspan="1"
      >
        <div
          class="mat-grid-tile-content"
        >
           84 
        </div>
      </mat-grid-tile>
      
      <mat-grid-tile
        class="mat-grid-tile grid-tile inactive"
        colspan="1"
        inviewport=""
        rowspan="1"
        style="left: 0px;"
      >
        <div
          class="mat-grid-tile-content"
        >
           85 
        </div>
      </mat-grid-tile>
      
      <mat-grid-tile
        class="mat-grid-tile grid-tile inactive"
        colspan="1"
        inviewport=""
        rowspan="1"
      >
        <div
          class="mat-grid-tile-content"
        >
           86 
        </div>
      </mat-grid-tile>
      
      <mat-grid-tile
        class="mat-grid-tile grid-tile inactive"
        colspan="1"
        inviewport=""
        rowspan="1"
        style="left: 0px;"
      >
        <div
          class="mat-grid-tile-content"
        >
           87 
        </div>
      </mat-grid-tile>
      
      <mat-grid-tile
        class="mat-grid-tile grid-tile inactive"
        colspan="1"
        inviewport=""
        rowspan="1"
      >
        <div
          class="mat-grid-tile-content"
        >
           88 
        </div>
      </mat-grid-tile>
      
      <mat-grid-tile
        class="mat-grid-tile grid-tile inactive"
        colspan="1"
        inviewport=""
        rowspan="1"
        style="left: 0px;"
      >
        <div
          class="mat-grid-tile-content"
        >
           89 
        </div>
      </mat-grid-tile>
      
      <mat-grid-tile
        class="mat-grid-tile grid-tile inactive"
        colspan="1"
        inviewport=""
        rowspan="1"
      >
        <div
          class="mat-grid-tile-content"
        >
           90 
        </div>
      </mat-grid-tile>
      
      <mat-grid-tile
        class="mat-grid-tile grid-tile inactive"
        colspan="1"
        inviewport=""
        rowspan="1"
        style="left: 0px;"
      >
        <div
          class="mat-grid-tile-content"
        >
           91 
        </div>
      </mat-grid-tile>
      
      <mat-grid-tile
        class="mat-grid-tile grid-tile inactive"
        colspan="1"
        inviewport=""
        rowspan="1"
      >
        <div
          class="mat-grid-tile-content"
        >
           92 
        </div>
      </mat-grid-tile>
      
      <mat-grid-tile
        class="mat-grid-tile grid-tile inactive"
        colspan="1"
        inviewport=""
        rowspan="1"
        style="left: 0px;"
      >
        <div
          class="mat-grid-tile-content"
        >
           93 
        </div>
      </mat-grid-tile>
      
      <mat-grid-tile
        class="mat-grid-tile grid-tile inactive"
        colspan="1"
        inviewport=""
        rowspan="1"
      >
        <div
          class="mat-grid-tile-content"
        >
           94 
        </div>
      </mat-grid-tile>
      
      <mat-grid-tile
        class="mat-grid-tile grid-tile inactive"
        colspan="1"
        inviewport=""
        rowspan="1"
        style="left: 0px;"
      >
        <div
          class="mat-grid-tile-content"
        >
           95 
        </div>
      </mat-grid-tile>
      
      <mat-grid-tile
        class="mat-grid-tile grid-tile inactive"
        colspan="1"
        inviewport=""
        rowspan="1"
      >
        <div
          class="mat-grid-tile-content"
        >
           96 
        </div>
      </mat-grid-tile>
      
      <mat-grid-tile
        class="mat-grid-tile grid-tile inactive"
        colspan="1"
        inviewport=""
        rowspan="1"
        style="left: 0px;"
      >
        <div
          class="mat-grid-tile-content"
        >
           97 
        </div>
      </mat-grid-tile>
      
      <mat-grid-tile
        class="mat-grid-tile grid-tile inactive"
        colspan="1"
        inviewport=""
        rowspan="1"
      >
        <div
          class="mat-grid-tile-content"
        >
           98 
        </div>
      </mat-grid-tile>
      
      <mat-grid-tile
        class="mat-grid-tile grid-tile inactive"
        colspan="1"
        inviewport=""
        rowspan="1"
        style="left: 0px;"
      >
        <div
          class="mat-grid-tile-content"
        >
           99 
        </div>
      </mat-grid-tile>
      
      <mat-grid-tile
        class="mat-grid-tile grid-tile inactive"
        colspan="1"
        inviewport=""
        rowspan="1"
      >
        <div
          class="mat-grid-tile-content"
        >
           100 
        </div>
      </mat-grid-tile>
      
      
    </div>
  </mat-grid-list>
</div>
`;
